// Jest Snapshot v1, https://goo.gl/fbAQLP

exports[`renders NotFoundPage correctly 1`] = `ShallowWrapper {}`;
